src/Base/BaseService.ts(5,10): error TS2614: Module '"mongoose"' has no exported member 'FilterQuery'. Did you mean to use 'import FilterQuery from "mongoose"' instead?
src/Base/BaseService.ts(84,9): error TS2322: Type 'IfAny<T, any, Document<unknown, BeAnObject, T, DefaultIdVirtual, DefaultSchemaOptions> & Omit<Require_id<T> & { ...; }, "id" | "typegooseName"> & DefaultIdVirtual & IObjectWithTypegooseFunction>[]' is not assignable to type 'T[]'.
  Type 'IfAny<T, any, Document<unknown, BeAnObject, T, DefaultIdVirtual, DefaultSchemaOptions> & Omit<Require_id<T> & { ...; }, "id" | "typegooseName"> & DefaultIdVirtual & IObjectWithTypegooseFunction>' is not assignable to type 'T'.
    'T' could be instantiated with an arbitrary type which could be unrelated to 'IfAny<T, any, Document<unknown, BeAnObject, T, DefaultIdVirtual, DefaultSchemaOptions> & Omit<Require_id<T> & { ...; }, "id" | "typegooseName"> & DefaultIdVirtual & IObjectWithTypegooseFunction>'.
src/middleware/authenticate.ts(10,27): error TS2339: Property 'cookies' does not exist on type 'Request'.
src/middleware/authenticate.ts(11,41): error TS2339: Property 'cookies' does not exist on type 'Request'.
src/middleware/authenticate.ts(13,24): error TS2349: This expression is not callable.
  Type 'Number' has no call signatures.
src/middleware/authenticate.ts(23,20): error TS2349: This expression is not callable.
  Type 'Number' has no call signatures.
src/middleware/authenticate.ts(34,26): error TS2339: Property 'user' does not exist on type 'Request'.
src/middleware/authenticate.ts(38,25): error TS2349: This expression is not callable.
  Type 'Number' has no call signatures.
src/middleware/authenticate.ts(40,20): error TS2349: This expression is not callable.
  Type 'Number' has no call signatures.
src/modules/chats/chats.route.ts(11,42): error TS2339: Property 'handelGetAll' does not exist on type 'ChatController'.
src/modules/messages/messages.route.ts(11,48): error TS2339: Property 'handelGetAll' does not exist on type 'MessageController'.
src/modules/token/token.route.ts(11,44): error TS2339: Property 'handelGetAll' does not exist on type 'TokenController'.
src/modules/userProfile/userProfile.route.ts(8,35): error TS2769: No overload matches this call.
  The last overload gave the following error.
    Argument of type '(req: Request, res: Response, next: NextFunction) => any' is not assignable to parameter of type 'RequestHandlerParams<ParamsDictionary, any, any, ParsedQs, Record<string, any>>'.
      Type '(req: Request, res: Response, next: NextFunction) => any' is not assignable to type 'RequestHandler<ParamsDictionary, any, any, ParsedQs, Record<string, any>>'.
        Types of parameters 'req' and 'req' are incompatible.
          Type 'Request<ParamsDictionary, any, any, ParsedQs, Record<string, any>>' is missing the following properties from type 'Request': cache, credentials, destination, integrity, and 14 more.
src/modules/userProfile/userProfile.route.ts(12,56): error TS2339: Property 'handelGetAll' does not exist on type 'UserProfileController'.
src/modules/users/user.controller.ts(15,11): error TS1248: A class member cannot have the 'const' keyword.
src/modules/users/user.controller.ts(15,11): error TS2416: Property 'handleCreate' in type 'UserController' is not assignable to the same property in base type 'BaseController<User>'.
  Type '(req: Request, res: Response) => Promise<Response<any, Record<string, any>>>' is not assignable to type '(req: Request, res: Response) => Promise<void>'.
    Type 'Promise<Response<any, Record<string, any>>>' is not assignable to type 'Promise<void>'.
      Type 'Response<any, Record<string, any>>' is not assignable to type 'void'.
src/modules/users/user.controller.ts(23,46): error TS2339: Property '_id' does not exist on type '{}'.
src/modules/users/user.controller.ts(115,65): error TS2339: Property 'password' does not exist on type '{}'.
src/modules/users/user.controller.ts(126,26): error TS2339: Property '_id' does not exist on type '{}'.
src/modules/users/user.controller.ts(127,29): error TS2339: Property 'email' does not exist on type '{}'.
src/modules/users/user.controller.ts(128,28): error TS2339: Property 'role' does not exist on type '{}'.
src/modules/users/user.controller.ts(152,30): error TS2339: Property '_id' does not exist on type '{}'.
src/modules/users/user.controller.ts(159,30): error TS2339: Property '_id' does not exist on type '{}'.
src/modules/users/user.controller.ts(174,34): error TS2339: Property 'toObject' does not exist on type '{}'.
src/modules/users/user.controller.ts(210,29): error TS2339: Property 'user' does not exist on type 'Request<ParamsDictionary, any, any, ParsedQs, Record<string, any>>'.
src/modules/users/user.route.ts(12,42): error TS2339: Property 'handelGetAll' does not exist on type 'UserController'.
src/modules/users/user.route.ts(13,29): error TS2769: No overload matches this call.
  The last overload gave the following error.
    Argument of type '(req: Request, res: Response, next: NextFunction) => any' is not assignable to parameter of type 'RequestHandlerParams<ParamsDictionary, any, any, ParsedQs, Record<string, any>>'.
      Type '(req: Request, res: Response, next: NextFunction) => any' is not assignable to type 'RequestHandler<ParamsDictionary, any, any, ParsedQs, Record<string, any>>'.
        Types of parameters 'req' and 'req' are incompatible.
          Type 'Request<ParamsDictionary, any, any, ParsedQs, Record<string, any>>' is missing the following properties from type 'Request': cache, credentials, destination, integrity, and 14 more.
